<html>
<body>
<pre>
<h1>µVision Build Log</h1>
<h2>Tool Versions:</h2>
IDE-Version: µVision V5.37.0.0
Copyright (C) 2022 ARM Ltd and ARM Germany GmbH. All rights reserved.
License Information: Mursalin Chowdhury, University of Rajshahi, LIC=----
 
Tool Versions:
Toolchain:       MDK-Lite  Version: 5.37.0.0
Toolchain Path:  C:\Keil_v5\ARM\ARMCLANG\Bin
C Compiler:      ArmClang.exe V6.18
Assembler:       Armasm.exe V6.18
Linker/Locator:  ArmLink.exe V6.18
Library Manager: ArmAr.exe V6.18
Hex Converter:   FromElf.exe V6.18
CPU DLL:         SARMCM3.DLL V5.37.0.0
Dialog DLL:      DCM.DLL V1.17.5.0
Target DLL:      UL2CM3.DLL V1.164.7.0
Dialog DLL:      TCM.DLL V1.56.1.0
 
<h2>Project:</h2>
E:\STM32-Microcontroller\STM32F446\P5_ADC\ADC.uvprojx
Project File Date:  06/12/2023

<h2>Output:</h2>
*** Using Compiler 'V6.18', folder: 'C:\Keil_v5\ARM\ARMCLANG\Bin'
Build target 'Target 1'
assembling startup_stm32f446xx.s...
RccConfig.c(31): warning: In file included from...
./RccConfig.h(9): warning: // comments are not allowed in this language [-Wcomment]
#include "stm32f4xx.h"                  // Device header
                                        ^
RccConfig.c(50): warning: // comments are not allowed in this language [-Wcomment]
        #define PLL_P   0  // PLLP = 2
                           ^
2 warnings generated.
compiling RccConfig.c...
main.c(2): warning: In file included from...
./RccConfig.h(9): warning: // comments are not allowed in this language [-Wcomment]
#include "stm32f4xx.h"                  // Device header
                                        ^
main.c(16): warning: // comments are not allowed in this language [-Wcomment]
//1. Enable ADC and GPIO clock
^
main.c(25): warning: implicit conversion changes signedness: 'int' to 'unsigned int' [-Wsign-conversion]
        ADC1->CR1 &= ~(1<<24);   // 12 bit RES
                  ~~ ^~~~~~~~
main.c(30): warning: implicit conversion changes signedness: 'int' to 'unsigned int' [-Wsign-conversion]
        ADC1->CR2 &= ~(1<<11);   // Data Alignment RIGHT
                  ~~ ^~~~~~~~
main.c(33): warning: implicit conversion changes signedness: 'int' to 'unsigned int' [-Wsign-conversion]
        ADC1->SMPR2 &= ~((1<<3) | (1<<12));  // Sampling time of 3 cycles for channel 1 and channel 4
                    ~~ ^~~~~~~~~~~~~~~~~~~
main.c(4): warning: no previous prototype for function 'ADC_Init' [-Wmissing-prototypes]
void ADC_Init (void)
     ^
main.c(4): note: declare 'static' if the function is not intended to be used outside of this translation unit
void ADC_Init (void)
^
static 
main.c(52): warning: mixing declarations and code is a C99 extension [-Wdeclaration-after-statement]
        uint32_t delay = 10000;
                 ^
main.c(44): warning: no previous prototype for function 'ADC_Enable' [-Wmissing-prototypes]
void ADC_Enable (void)
     ^
main.c(44): note: declare 'static' if the function is not intended to be used outside of this translation unit
void ADC_Enable (void)
^
static 
main.c(70): warning: implicit conversion changes signedness: 'int' to 'unsigned int' [-Wsign-conversion]
        ADC1->SQR3 |= (channel<<0);    // conversion in regular sequence
                   ~~  ~~~~~~~^~~
main.c(57): warning: no previous prototype for function 'ADC_Start' [-Wmissing-prototypes]
void ADC_Start (int channel)
     ^
main.c(57): note: declare 'static' if the function is not intended to be used outside of this translation unit
void ADC_Start (int channel)
^
static 
main.c(78): warning: no previous prototype for function 'ADC_WaitForConv' [-Wmissing-prototypes]
void ADC_WaitForConv (void)
     ^
main.c(78): note: declare 'static' if the function is not intended to be used outside of this translation unit
void ADC_WaitForConv (void)
^
static 
main.c(88): warning: implicit conversion loses integer precision: 'volatile uint32_t' (aka 'volatile unsigned int') to 'uint16_t' (aka 'unsigned short') [-Wimplicit-int-conversion]
        return ADC1->DR;  // Read the Data Register
        ~~~~~~ ~~~~~~^~
main.c(86): warning: no previous prototype for function 'ADC_GetVal' [-Wmissing-prototypes]
uint16_t ADC_GetVal (void)
         ^
main.c(86): note: declare 'static' if the function is not intended to be used outside of this translation unit
uint16_t ADC_GetVal (void)
^
static 
main.c(96): warning: implicit conversion changes signedness: 'int' to 'unsigned int' [-Wsign-conversion]
        ADC1->CR2 &= ~(1<<0);  // Disable ADC
                  ~~ ^~~~~~~
main.c(91): warning: no previous prototype for function 'ADC_Disable' [-Wmissing-prototypes]
void ADC_Disable (void)
     ^
main.c(91): note: declare 'static' if the function is not intended to be used outside of this translation unit
void ADC_Disable (void)
^
static 
main.c(100): warning: no previous extern declaration for non-static variable 'ADC_VAL' [-Wmissing-variable-declarations]
uint16_t ADC_VAL[2] = {0,0};
         ^
main.c(100): note: declare 'static' if the variable is not intended to be used outside of this translation unit
uint16_t ADC_VAL[2] = {0,0};
^
16 warnings generated.
compiling main.c...
compiling system_stm32f4xx.c...
linking...
Program Size: Code=948 RO-data=468 RW-data=0 ZI-data=1640  
".\Objects\ADC.axf" - 0 Error(s), 18 Warning(s).

<h2>Software Packages used:</h2>

Package Vendor: ARM
                http://www.keil.com/pack/ARM.CMSIS.5.9.0.pack
                ARM.CMSIS.5.9.0
                CMSIS (Common Microcontroller Software Interface Standard)
   * Component: CORE Version: 5.6.0

Package Vendor: Keil
                https://www.keil.com/pack/Keil.STM32F4xx_DFP.2.17.0.pack
                Keil.STM32F4xx_DFP.2.17.0
                STMicroelectronics STM32F4 Series Device Support, Drivers and Examples
   * Component: Startup Version: 2.6.3

<h2>Collection of Component include folders:</h2>
  ./RTE/_Target_1
  C:/Users/mchow/AppData/Local/Arm/Packs/ARM/CMSIS/5.9.0/CMSIS/Core/Include
  C:/Users/mchow/AppData/Local/Arm/Packs/Keil/STM32F4xx_DFP/2.17.0/Drivers/CMSIS/Device/ST/STM32F4xx/Include

<h2>Collection of Component Files used:</h2>

   * Component: ARM::CMSIS:CORE:5.6.0

   * Component: Keil::Device:Startup:2.6.3
      Source file:   MDK/Device/Source/ARM/STM32F4xx_OTP.s
      Include file:  Drivers/CMSIS/Device/ST/STM32F4xx/Include/stm32f4xx.h
      Source file:   MDK/Device/Source/ARM/STM32F446xx_OPT.s
      Source file:   Drivers/CMSIS/Device/ST/STM32F4xx/Source/Templates/arm/startup_stm32f446xx.s
      Source file:   Drivers/CMSIS/Device/ST/STM32F4xx/Source/Templates/system_stm32f4xx.c
Build Time Elapsed:  00:00:02
</pre>
</body>
</html>
